// Jest Snapshot v1, https://goo.gl/fbAQLP

exports[`FilterList component renders correctly 1`] = `
<nav
  className="sc-fzpans knaLVU"
>
  <div
    className="sc-fzplWN gSpIEx"
  >
    <div
      className="sc-fznyAO jNSMMS"
    >
      Read Time
    </div>
    <div
      className="sc-fznKkj ceWnMI"
      onClick={[Function]}
    >
      Small
    </div>
    <div
      className="sc-fznKkj ceWnMI"
      onClick={[Function]}
    >
      Medium
    </div>
    <div
      className="sc-fznKkj ceWnMI"
      onClick={[Function]}
    >
      High
    </div>
  </div>
  <div
    className="sc-fzplWN gSpIEx"
  >
    <div
      className="sc-fznyAO jNSMMS"
    >
      Interest
    </div>
    <div
      className="sc-fznKkj ceWnMI"
      onClick={[Function]}
    >
      Small
    </div>
    <div
      className="sc-fznKkj ceWnMI"
      onClick={[Function]}
    >
      Medium
    </div>
    <div
      className="sc-fznKkj ceWnMI"
      onClick={[Function]}
    >
      High
    </div>
  </div>
  <div
    className="sc-fzplWN gSpIEx"
  >
    <div
      className="sc-fznyAO jNSMMS"
    >
      Tags
    </div>
    <div
      className="sc-fznKkj ceWnMI"
      onClick={[Function]}
    >
      Loading
    </div>
  </div>
</nav>
`;

exports[`SavePageButton component renders correctly 1`] = `
<header
  className="sc-AxmLO cWabqP"
>
  <div
    className="sc-fzozJi BoHKt"
    onClick={[Function]}
  >
    <span
      className="sc-fzoLsD lpjFOM"
    >
      Save this page
    </span>
    <svg>
      arrow_down.svg
    </svg>
  </div>
</header>
`;

exports[`SavePageSettings component renders correctly 1`] = `
<div
  className="sc-AxgMl gnKkkU"
>
  <div>
    <label
      className="sc-AxhCb llbGyu"
    >
      Read Time:
    </label>
    <div
      className="sc-AxjAm itEsx"
    >
      <div
        className="sc-AxirZ dVgATR"
      >
        <input
          checked={false}
          className="sc-AxiKw klInzN"
          name="time"
          onChange={[Function]}
          type="radio"
          value="small"
        />
        <svg>
          small_time.svg
        </svg>
      </div>
      <div
        className="sc-AxirZ dVgATR"
      >
        <input
          checked={false}
          className="sc-AxiKw klInzN"
          name="time"
          onChange={[Function]}
          type="radio"
          value="medium"
        />
        <svg>
          medium_time.svg
        </svg>
      </div>
      <div
        className="sc-AxirZ dVgATR"
      >
        <input
          checked={false}
          className="sc-AxiKw klInzN"
          name="time"
          onChange={[Function]}
          type="radio"
          value="high"
        />
        <svg>
          high_time.svg
        </svg>
      </div>
    </div>
  </div>
  <div>
    <label
      className="sc-AxhCb llbGyu"
    >
      Interest:
    </label>
    <div
      className="sc-AxjAm itEsx"
    >
      <div
        className="sc-AxirZ dVgATR"
      >
        <input
          checked={false}
          className="sc-AxiKw klInzN"
          name="interest"
          onChange={[Function]}
          type="radio"
          value="small"
        />
        <svg>
          small_interest.svg
        </svg>
      </div>
      <div
        className="sc-AxirZ dVgATR"
      >
        <input
          checked={false}
          className="sc-AxiKw klInzN"
          name="interest"
          onChange={[Function]}
          type="radio"
          value="medium"
        />
        <svg>
          medium_interest.svg
        </svg>
      </div>
      <div
        className="sc-AxirZ dVgATR"
      >
        <input
          checked={false}
          className="sc-AxiKw klInzN"
          name="interest"
          onChange={[Function]}
          type="radio"
          value="high"
        />
        <svg>
          high_interest.svg
        </svg>
      </div>
    </div>
  </div>
  <div>
    <label
      className="sc-AxhCb llbGyu"
    >
      Tags:
    </label>
    <textarea
      className="sc-AxhUy bKTPOf"
      onChange={[Function]}
      value=""
    />
  </div>
  <div
    className="sc-AxheI ByOdM"
  >
    <button
      className="sc-Axmtr jQdBXG"
      disabled={false}
      onClick={[Function]}
    >
      Send
    </button>
  </div>
</div>
`;
